TEST WITH 8 PROCESSES ON 2 NODES - TSPLIB
P01 -NOT TSPLIB-
Before 2-opt & 3-opt: 1634
After 2-opt & 3-opt: 582
Process number: 0 | Time: 10
Main Held-Karp lower bound: 578 | 
291
0 10 3 5 7 9 13 11 2 6 4 8 14 1 12 0
GR17
Before 2-opt & 3-opt: 9444
After 2-opt & 3-opt: 4170
Process number: 0 | Time: 10
Main Held-Karp lower bound: 3002 | 
2085
0 15 11 8 4 1 9 10 2 14 13 16 5 7 6 12 3 0
GR21
Before 2-opt & 3-opt: 13240
After 2-opt & 3-opt: 5414
Process number: 0 | Time: 40
Main Held-Karp lower bound: 4504 | 
2707
0 11 3 10 19 18 16 9 17 12 13 14 20 1 2 8 4 15 5 7 6 0
ULYSSES22
Before 2-opt & 3-opt: 24396
After 2-opt & 3-opt: 14026
Process number: 0 | Time: 60
Main Held-Karp lower bound: 9732 | 
7013
0 13 12 11 6 5 14 4 10 8 9 18 19 20 15 2 1 16 21 3 17 7 0
FRI26
Before 2-opt & 3-opt: 2280
After 2-opt & 3-opt: 1874
Process number: 0 | Time: 160
Main Held-Karp lower bound: 1648 | 
937
0 24 23 22 25 21 20 16 17 19 18 15 10 11 12 14 13 9 8 7 6 4 5 3 2 1 0
BAYG29
Before 2-opt & 3-opt: 9250
After 2-opt & 3-opt: 3220
Process number: 0 | Time: 530
Main Held-Karp lower bound: 2750 | 
1610
0 23 12 15 26 7 22 6 24 18 10 21 16 13 17 14 3 9 19 1 20 4 28 2 25 8 11 5 27 0
BAYS29
Before 2-opt & 3-opt: 11504
After 2-opt & 3-opt: 4068
Process number: 15 | Time: 940
Main Held-Karp lower bound: 3244 | 
2020
0 27 5 11 8 4 25 28 2 1 19 9 3 14 17 16 13 21 10 18 24 6 22 26 7 23 15 12 20 0
DANTZIG42
Before 2-opt & 3-opt: 1398
After 2-opt & 3-opt: 1398
Process number: 0 | Time: 1030
Main Held-Karp lower bound: 1200 | 
699
0 1 2 3 4 5 6 7 8 9 10 11 12 13 14 15 16 17 18 19 20 21 22 23 24 25 26 27 28 29 30 31 32 33 34 35 36 37 38 39 40 41 0
SWISS42
Before 2-opt & 3-opt: 5668
After 2-opt & 3-opt: 2546
Process number: 0 | Time: 4780
Main Held-Karp lower bound: 2214 | 
1273
0 1 6 4 3 27 2 28 29 30 38 22 39 24 40 21 9 23 41 8 10 25 11 12 18 26 5 13 19 14 16 15 37 7 17 31 36 35 20 33 34 32 0
GR48
Before 2-opt & 3-opt: 39674
After 2-opt & 3-opt: 10304
Process number: 9 | Time: 74880
Main Held-Karp lower bound: 8324 | 
5046
0 28 6 27 43 40 45 17 33 22 24 2 18 3 29 37 19 34 41 38 39 1 44 42 46 36 23 14 9 11 30 4 32 7 21 20 16 26 31 8 13 5 25 35 10 15 47 12 0
HK48
Before 2-opt & 3-opt: 96340
After 2-opt & 3-opt: 23222
Process number: 4 | Time: 8220
Main Held-Karp lower bound: 20606 | 
11461
0 1 47 14 42 20 32 29 22 8 9 39 35 33 5 7 46 6 37 13 17 11 21 12 27 31 24 2 4 28 25 40 23 34 16 30 19 10 15 41 3 45 44 38 43 26 36 18 0
BRAZIL58
Before 2-opt & 3-opt: 258534
After 2-opt & 3-opt: 51244
Process number: 11 | Time: 358730
Main Held-Karp lower bound: 36340 | 
25395
0 17 43 57 23 56 11 22 4 26 42 48 46 50 51 9 34 40 1 53 54 47 2 28 32 44 55 45 33 14 36 13 27 5 18 25 16 35 20 38 10 6 30 37 41 15 21 7 3 49 52 19 31 8 24 39 12 29 0
