TEST WITH 8 PROCESSES ON 2 NODES - RANDOM DISTANCES BETWEEN 1 AND INT_MAX/AMOUNT_OF_CITIES
51 CITIES
Before 2-opt & 3-opt: 2000986364
After 2-opt & 3-opt: 199526560
Process number: 15 | Time: 13030
Main Held-Karp lower bound: 124096950 | 
96370323
0 32 48 12 35 50 21 1 40 5 13 16 10 17 9 46 18 4 41 47 42 39 3 15 23 6 29 11 14 33 49 43 8 31 37 44 24 22 30 36 2 38 25 7 26 28 19 34 27 20 45 0
52 CITIES
Before 2-opt & 3-opt: 2234398340
After 2-opt & 3-opt: 160320342
Process number: 6 | Time: 11490
Main Held-Karp lower bound: 89979544 | 
74095383
0 23 5 9 3 26 34 32 40 19 22 27 4 15 45 2 49 33 41 35 51 8 14 47 44 38 37 25 10 39 43 50 16 6 28 31 18 12 48 1 46 30 7 11 36 13 17 21 42 29 24 20 0
53 CITIES
Before 2-opt & 3-opt: 1963481966
After 2-opt & 3-opt: 139346374
Process number: 9 | Time: 6770
Main Held-Karp lower bound: 76790068 | 
61296594
0 40 33 26 38 23 44 8 21 20 35 24 51 42 34 13 46 45 41 12 9 1 14 15 2 29 47 30 19 3 7 22 11 10 37 49 39 48 4 6 32 17 50 31 28 25 5 43 27 36 16 52 18 0
54 CITIES
Before 2-opt & 3-opt: 1947305202
After 2-opt & 3-opt: 137097760
Process number: 0 | Time: 9210
Main Held-Karp lower bound: 69520844 | 
64101206
0 10 13 47 2 7 39 14 22 51 36 21 33 3 41 38 46 32 48 26 25 15 8 20 31 29 11 30 24 16 44 50 53 6 42 34 27 49 23 1 45 19 12 17 28 5 43 9 18 4 35 40 52 37 0
55 CITIES
Before 2-opt & 3-opt: 1914120918
After 2-opt & 3-opt: 155513064
Process number: 12 | Time: 11440
Main Held-Karp lower bound: 84994660 | 
69625015
0 31 29 35 9 12 22 41 52 37 47 8 26 6 45 30 28 14 10 1 44 17 5 25 38 19 13 48 39 42 11 34 36 51 46 49 53 32 3 16 15 50 27 21 40 54 24 7 23 20 43 2 18 4 33 0
56 CITIES
Before 2-opt & 3-opt: 2120477142
After 2-opt & 3-opt: 185884144
Process number: 0 | Time: 23840
Main Held-Karp lower bound: 110136288 | 
87678418
0 44 46 34 2 42 17 6 49 25 30 5 22 10 11 9 28 16 53 4 52 38 19 26 8 31 24 23 47 43 3 37 15 51 35 55 12 48 21 13 54 1 33 20 39 32 36 29 7 27 45 41 14 50 18 40 0
57 CITIES
Before 2-opt & 3-opt: 2287463844
After 2-opt & 3-opt: 155861926
Process number: 14 | Time: 21860
Main Held-Karp lower bound: 96094186 | 
74128624
0 41 17 33 36 22 26 39 38 32 16 4 53 11 30 24 12 5 42 45 6 34 18 20 49 40 48 15 13 28 7 50 47 14 51 8 31 21 56 9 23 25 43 19 10 29 37 55 54 52 46 2 44 3 35 27 1 0
58 CITIES
Before 2-opt & 3-opt: 1922354886
After 2-opt & 3-opt: 163124542
Process number: 6 | Time: 72060
Main Held-Karp lower bound: 99883684 | 
77208722
0 52 38 19 40 28 48 54 17 25 9 18 44 32 43 41 39 57 11 6 1 34 23 51 35 2 21 30 53 46 29 3 27 13 55 20 26 50 5 36 10 14 4 24 49 8 15 37 47 12 22 45 56 16 31 7 42 33 0
59 CITIES
Before 2-opt & 3-opt: 2032518486
After 2-opt & 3-opt: 146598638
Process number: 8 | Time: 19760
Main Held-Karp lower bound: 84231204 | 
69584947
0 45 18 50 41 48 46 3 12 5 10 52 35 58 2 13 53 56 24 27 19 54 11 36 30 1 33 14 6 4 21 42 55 20 31 34 44 38 43 16 51 17 29 15 40 7 23 8 9 49 25 57 28 47 22 26 32 37 39 0
60 CITIES
Before 2-opt & 3-opt: 2264289920
After 2-opt & 3-opt: 165311210
Process number: 5 | Time: 28750
Main Held-Karp lower bound: 104922544 | 
77044351
0 21 30 2 37 34 59 15 8 7 49 55 13 38 43 32 35 4 11 47 48 51 25 14 19 50 46 20 22 54 3 17 53 24 44 12 1 52 57 36 31 5 39 28 26 9 16 40 23 42 56 58 41 18 33 6 45 10 29 27 0
61 CITIES
Before 2-opt & 3-opt: 2351002854
After 2-opt & 3-opt: 170190366
Process number: 8 | Time: 18780
Main Held-Karp lower bound: 108523244 | 
80039951
0 59 12 50 44 34 35 60 14 52 29 11 13 2 7 21 16 49 45 3 55 10 9 28 33 19 8 58 26 5 40 25 23 32 54 4 30 53 47 51 18 24 1 56 37 22 43 42 48 17 39 41 36 6 15 20 46 57 38 27 31 0
62 CITIES
Before 2-opt & 3-opt: 2289190256
After 2-opt & 3-opt: 151985730
Process number: 7 | Time: 30520
Main Held-Karp lower bound: 81093792 | 
68440859
0 2 6 22 47 55 19 26 48 33 25 38 40 30 57 39 61 7 12 60 13 21 23 54 45 31 28 29 46 18 8 3 20 17 27 34 42 35 24 5 10 53 59 14 49 9 56 32 51 43 16 11 37 52 50 4 58 41 15 44 36 1 0
63 CITIES
Before 2-opt & 3-opt: 2534864626
After 2-opt & 3-opt: 173842690
Process number: 1 | Time: 32500
Main Held-Karp lower bound: 94078674 | 
73783541
0 23 42 38 9 48 55 52 28 61 39 1 6 53 46 49 7 57 16 24 20 11 27 21 40 59 47 10 33 35 30 15 43 8 2 19 13 58 44 32 50 34 17 26 22 41 37 51 25 56 29 62 18 14 60 12 45 4 54 36 31 3 5 0
64 CITIES
Before 2-opt & 3-opt: 1939819276
After 2-opt & 3-opt: 136347280
Process number: 5 | Time: 23680
Main Held-Karp lower bound: 72374050 | 
58944185
0 51 53 28 35 21 52 17 43 59 41 10 27 6 40 20 44 42 8 32 1 24 13 46 5 30 23 62 4 60 50 61 55 39 9 34 33 19 37 7 25 26 63 15 22 16 45 56 38 48 57 49 2 47 18 12 11 29 14 31 3 58 36 54 0
65 CITIES
Before 2-opt & 3-opt: 2016282154
After 2-opt & 3-opt: 162119084
Process number: 11 | Time: 29610
Main Held-Karp lower bound: 93711046 | 
74380330
0 27 57 11 38 49 37 39 15 62 60 54 45 3 14 51 1 28 6 25 13 7 41 12 20 34 9 22 31 29 16 59 23 8 10 52 17 64 35 48 4 44 21 61 33 53 47 55 18 58 50 32 36 56 2 24 5 26 30 43 40 46 42 19 63 0
66 CITIES
Before 2-opt & 3-opt: 2054210942
After 2-opt & 3-opt: 132392310
Process number: 8 | Time: 34710
Main Held-Karp lower bound: 71136350 | 
59065669
0 34 24 17 38 46 14 56 53 37 15 13 54 8 29 44 41 49 28 35 32 65 36 48 3 50 4 45 7 25 55 64 11 21 62 27 5 52 10 51 60 63 42 20 58 18 12 19 16 2 57 30 6 1 9 47 61 22 23 31 39 59 26 33 40 43 0
67 CITIES
Before 2-opt & 3-opt: 2200024964
After 2-opt & 3-opt: 169323988
Process number: 7 | Time: 71070
Main Held-Karp lower bound: 76956296 | 
76592244
0 64 28 57 55 20 47 31 36 51 13 38 25 66 14 58 59 4 45 23 56 10 65 34 26 29 43 19 30 5 44 46 50 53 12 7 42 41 24 35 63 15 16 61 33 8 48 2 54 40 1 60 21 22 18 39 32 62 6 37 52 3 17 11 49 27 9 0
68 CITIES
Before 2-opt & 3-opt: 2093598286
After 2-opt & 3-opt: 119138222
Process number: 6 | Time: 36730
Main Held-Karp lower bound: 65682220 | 
51279487
0 37 51 48 6 27 1 31 44 53 14 41 16 12 24 30 8 10 19 39 7 66 59 34 5 61 42 13 25 20 50 55 58 52 45 9 29 40 35 22 4 54 21 56 49 18 26 2 36 23 3 32 47 57 43 33 65 11 46 17 15 67 60 64 62 38 63 28 0
69 CITIES
Before 2-opt & 3-opt: 2158305924
After 2-opt & 3-opt: 148169126
Process number: 12 | Time: 64770
Main Held-Karp lower bound: 75083322 | 
65914461
0 13 47 25 48 46 6 55 39 66 29 20 31 61 64 21 18 60 51 68 12 4 65 16 44 23 50 38 54 24 19 22 62 35 58 40 28 11 57 59 43 5 32 45 27 17 37 15 1 26 67 8 56 53 36 63 14 7 9 33 3 41 34 30 52 10 42 49 2 0
70 CITIES
Before 2-opt & 3-opt: 2293380918
After 2-opt & 3-opt: 137219940
Process number: 8 | Time: 113830
Main Held-Karp lower bound: 70008072 | 
55995146
0 41 18 57 37 27 46 32 43 3 62 56 50 69 30 4 40 26 49 5 24 54 11 52 21 59 39 64 9 66 16 63 8 14 22 12 48 47 1 68 45 15 65 61 7 28 60 34 20 19 42 67 58 17 29 38 44 13 53 25 33 31 35 23 36 10 2 55 6 51 0
71 CITIES
Before 2-opt & 3-opt: 2053883892
After 2-opt & 3-opt: 133643556
Process number: 14 | Time: 57760
Main Held-Karp lower bound: 76630934 | 
58842492
0 37 19 8 11 1 22 16 47 38 68 55 13 58 5 4 36 39 20 28 25 46 57 23 7 27 43 63 51 59 69 9 21 41 50 56 48 62 15 14 3 24 10 29 52 18 44 65 42 30 70 67 64 31 54 66 45 61 33 2 49 34 35 17 60 32 12 26 53 40 6 0
72 CITIES
Before 2-opt & 3-opt: 2171730854
After 2-opt & 3-opt: 125074790
Process number: 3 | Time: 52830
Main Held-Karp lower bound: 67972288 | 
56035302
0 29 14 7 23 30 25 9 47 38 8 62 34 11 1 58 42 24 50 17 32 59 6 22 18 36 46 66 40 37 10 15 67 43 56 52 3 16 55 64 57 41 27 39 49 70 5 63 54 28 2 48 68 51 44 13 61 19 53 12 21 4 35 69 71 60 65 31 45 20 26 33 0
73 CITIES
Before 2-opt & 3-opt: 2014434396
After 2-opt & 3-opt: 114433820
Process number: 2 | Time: 54520
Main Held-Karp lower bound: 62639752 | 
52943227
0 14 44 8 18 41 55 51 46 34 17 7 72 30 61 1 68 52 9 49 65 56 58 33 38 10 24 3 19 5 2 47 48 43 36 71 13 62 42 70 27 26 25 32 16 64 35 23 54 6 12 22 60 69 59 28 50 29 31 21 11 4 15 40 45 53 20 39 37 66 63 57 67 0
74 CITIES
Before 2-opt & 3-opt: 2190667410
After 2-opt & 3-opt: 124636886
Process number: 6 | Time: 98430
Main Held-Karp lower bound: 68964536 | 
55844068
0 23 70 15 9 33 19 72 54 12 42 25 65 71 40 22 73 53 37 11 48 6 2 56 14 24 30 55 59 52 21 66 4 39 58 28 60 69 36 10 13 35 64 68 16 46 62 27 51 3 63 49 57 43 8 17 47 26 20 31 5 67 29 7 50 32 44 38 41 1 61 18 34 45 0
75 CITIES
Before 2-opt & 3-opt: 2155265092
After 2-opt & 3-opt: 131617230
Process number: 5 | Time: 67310
Main Held-Karp lower bound: 67881358 | 
58533924
0 69 29 7 24 67 54 58 31 5 8 1 22 38 63 35 34 65 50 59 13 39 32 41 6 64 20 60 37 45 62 70 52 42 15 14 36 43 51 11 40 23 4 48 46 26 28 72 66 10 47 44 25 17 56 21 18 55 16 73 9 61 2 53 19 3 71 33 30 68 49 57 74 27 12 0
