TEST WITH 8 PROCESSES ON 2 NODES - RANDOM DISTANCES BETWEEN 1 AND 250 - NO K-OPT
3 CITIES
Process number: 0 | Time: 0
261
0 1 2 0
4 CITIES
Process number: 0 | Time: 0
390
0 2 1 3 0
5 CITIES
Process number: 0 | Time: 0
403
0 3 4 2 1 0
6 CITIES
Process number: 0 | Time: 0
523
0 2 4 5 3 1 0
7 CITIES
Process number: 0 | Time: 0
443
0 4 1 5 6 2 3 0
8 CITIES
Process number: 0 | Time: 0
744
0 2 1 7 3 6 4 5 0
9 CITIES
Process number: 0 | Time: 0
480
0 5 3 7 2 4 6 1 8 0
10 CITIES
Process number: 8 | Time: 10
523
0 3 6 1 7 2 8 5 4 9 0
11 CITIES
Process number: 8 | Time: 10
412
0 3 5 7 4 2 6 10 8 1 9 0
12 CITIES
Process number: 14 | Time: 10
588
0 7 9 2 4 5 11 1 6 10 8 3 0
13 CITIES
Process number: 13 | Time: 30
552
0 12 11 2 10 6 3 5 8 4 1 7 9 0
14 CITIES
Process number: 3 | Time: 50
400
0 12 4 3 9 8 6 10 7 13 11 1 2 5 0
15 CITIES
Process number: 10 | Time: 70
651
0 7 14 11 2 13 1 6 12 3 9 10 8 4 5 0
16 CITIES
Process number: 0 | Time: 70
568
0 2 6 14 11 1 3 9 5 7 15 12 13 8 10 4 0
17 CITIES
Process number: 9 | Time: 120
462
0 7 16 3 4 15 12 14 11 13 8 6 5 2 9 1 10 0
18 CITIES
Process number: 6 | Time: 140
398
0 5 15 11 14 3 8 13 16 7 6 1 9 17 4 2 10 12 0
19 CITIES
Process number: 13 | Time: 250
745
0 3 1 8 18 4 11 5 9 10 17 6 2 16 14 13 15 7 12 0
20 CITIES
Process number: 6 | Time: 280
594
0 10 4 19 12 15 6 17 11 9 2 8 16 14 3 13 18 1 7 5 0
21 CITIES
Process number: 1 | Time: 420
656
0 3 8 15 19 13 11 20 16 5 18 17 7 4 6 14 12 2 10 1 9 0
22 CITIES
Process number: 13 | Time: 700
587
0 20 12 10 15 11 19 2 14 4 3 9 7 18 8 6 1 17 16 13 5 21 0
23 CITIES
Process number: 13 | Time: 540
408
0 4 9 20 8 15 14 6 12 22 7 19 2 18 21 17 3 11 13 16 1 10 5 0
24 CITIES
Process number: 10 | Time: 1530
599
0 13 1 5 19 12 2 10 9 18 23 7 3 17 21 14 8 15 6 4 20 16 11 22 0
25 CITIES
Process number: 14 | Time: 1110
399
0 1 20 24 14 11 2 17 5 22 6 9 10 15 16 7 21 12 13 18 19 3 8 4 23 0
26 CITIES
Process number: 12 | Time: 1470
647
0 24 18 11 7 21 5 8 1 2 17 13 6 3 10 16 20 9 22 12 14 25 15 19 23 4 0
27 CITIES
Process number: 7 | Time: 2290
512
0 13 24 6 19 23 5 16 11 7 25 22 20 12 14 8 15 4 9 26 10 1 17 21 2 18 3 0
28 CITIES
Process number: 2 | Time: 2890
471
0 1 21 24 26 25 23 8 9 10 2 19 16 15 17 22 7 27 3 4 12 5 6 13 20 14 18 11 0
29 CITIES
Process number: 12 | Time: 3090
583
0 20 13 4 18 28 8 3 26 12 7 16 17 14 25 6 5 23 19 21 1 22 11 2 27 24 15 9 10 0
30 CITIES
Process number: 0 | Time: 3800
475
0 9 13 8 17 2 26 6 15 11 18 22 21 5 23 12 24 4 10 14 19 16 3 1 20 25 28 27 29 7 0
31 CITIES
Process number: 8 | Time: 8710
503
0 14 28 16 3 1 27 4 22 20 25 10 6 15 11 21 24 7 26 30 17 18 2 5 19 13 29 23 9 8 12 0
32 CITIES
Process number: 14 | Time: 6700
532
0 11 12 21 30 19 16 13 22 28 2 4 18 23 27 31 1 24 25 6 15 29 10 9 14 5 17 3 8 20 26 7 0
33 CITIES
Process number: 1 | Time: 12430
384
0 11 21 30 5 32 3 7 17 18 24 10 14 28 9 13 29 31 1 2 6 23 8 12 27 22 26 4 15 16 19 20 25 0
34 CITIES
Process number: 8 | Time: 11780
549
0 22 23 33 28 25 19 9 2 1 14 27 12 13 32 26 21 3 7 15 4 5 30 24 16 20 18 6 29 17 8 10 31 11 0
35 CITIES
Process number: 11 | Time: 14750
531
0 24 25 21 22 31 28 15 5 20 33 29 32 2 8 10 34 7 19 16 26 13 18 14 23 3 11 17 9 12 1 6 4 30 27 0
36 CITIES
Process number: 6 | Time: 34800
491
0 6 24 9 20 29 5 21 7 25 16 11 15 13 34 17 14 33 8 4 22 23 35 1 2 28 18 26 31 3 32 12 27 30 19 10 0
37 CITIES
Process number: 8 | Time: 31670
709
0 15 32 17 20 6 4 18 2 11 14 26 36 22 13 5 21 30 10 3 29 31 27 35 1 33 34 23 28 19 8 12 25 16 24 7 9 0
38 CITIES
Process number: 6 | Time: 30370
651
0 37 29 12 14 19 1 24 20 6 28 36 21 4 8 10 30 27 7 32 25 3 9 16 15 34 2 23 11 5 33 13 31 18 17 35 26 22 0
39 CITIES
Process number: 7 | Time: 45460
490
0 38 5 4 8 6 35 24 16 15 2 14 21 25 29 22 36 1 19 18 9 12 10 3 26 20 37 30 23 32 13 28 27 34 31 17 7 33 11 0
40 CITIES
Process number: 13 | Time: 39240
388
0 37 20 27 14 12 28 5 34 11 17 10 16 15 21 7 33 3 1 36 4 13 25 8 39 22 23 19 31 26 38 6 30 2 9 24 35 32 18 29 0
41 CITIES
Process number: 8 | Time: 61600
516
0 31 20 35 1 37 10 16 17 33 23 9 12 8 6 19 28 2 5 7 24 32 26 27 30 22 29 21 3 18 34 38 40 13 14 11 4 15 36 39 25 0
42 CITIES
Process number: 1 | Time: 42260
461
0 30 41 34 8 3 21 25 22 28 18 37 17 12 36 16 10 26 31 40 19 14 29 38 23 1 27 6 7 9 24 20 11 15 5 35 39 33 4 32 13 2 0
43 CITIES
Process number: 11 | Time: 71430
663
0 33 22 6 16 26 29 20 28 14 31 3 2 8 7 13 27 5 42 4 35 17 10 25 11 24 18 15 23 34 32 36 40 30 37 41 39 19 1 9 38 12 21 0
44 CITIES
Process number: 2 | Time: 92360
561
0 31 11 8 17 42 10 16 33 4 3 36 39 14 12 34 9 41 22 25 29 43 2 13 38 32 28 18 35 37 7 40 24 30 20 6 26 1 21 27 15 23 19 5 0
45 CITIES
Process number: 0 | Time: 75150
433
0 5 16 31 9 10 18 11 43 44 35 28 38 24 26 40 14 17 3 12 21 42 6 34 4 2 25 19 39 23 36 7 13 30 37 8 22 32 41 33 27 29 1 20 15 0
46 CITIES
Process number: 15 | Time: 163500
495
0 22 21 10 27 18 32 45 2 39 25 36 17 33 6 16 20 29 8 7 44 5 34 24 9 13 23 15 30 14 42 41 3 31 4 40 26 35 28 11 19 12 43 37 1 38 0
47 CITIES
Process number: 11 | Time: 157340
501
0 19 6 17 13 23 32 1 4 3 29 8 14 21 34 46 33 22 9 41 24 38 28 2 43 27 12 25 39 44 31 11 36 20 7 18 35 30 5 16 42 45 10 40 26 15 37 0
48 CITIES
Process number: 14 | Time: 204870
596
0 17 29 6 20 18 35 7 22 45 1 32 28 2 12 5 25 24 38 15 8 4 40 13 47 16 42 9 31 14 34 46 23 10 30 11 36 27 3 21 37 33 43 39 44 41 19 26 0
49 CITIES
Process number: 15 | Time: 221050
570
0 32 48 26 21 41 18 4 46 14 34 17 43 33 8 7 24 40 27 20 5 37 45 9 16 2 6 12 38 10 19 22 13 44 35 15 31 1 47 23 25 39 11 29 30 3 36 42 28 0
50 CITIES
Process number: 2 | Time: 265550
593
0 26 36 4 47 5 21 46 40 42 12 33 48 39 23 28 34 16 14 19 20 10 8 13 7 44 38 29 30 43 35 3 6 41 11 18 49 24 9 45 22 1 15 37 31 27 17 32 25 2 0
