TEST WITH 1 PROCESS - RANDOM DISTANCES BETWEEN 1 AND 250
3 CITIES
Before 2-opt & 3-opt: 522
Process number: 0 | Time: 0
Main Held-Karp lower bound: 522 | 
261
0 1 2 0
4 CITIES
Before 2-opt & 3-opt: 786
After 2-opt & 3-opt: 780
Process number: 0 | Time: 0
Main Held-Karp lower bound: 446 | 
390
0 2 1 3 0
5 CITIES
Before 2-opt & 3-opt: 1160
After 2-opt & 3-opt: 806
Process number: 0 | Time: 0
Main Held-Karp lower bound: 520 | 
403
0 3 4 2 1 0
6 CITIES
Before 2-opt & 3-opt: 1640
After 2-opt & 3-opt: 1046
Process number: 0 | Time: 0
Main Held-Karp lower bound: 906 | 
523
0 2 4 5 3 1 0
7 CITIES
Before 2-opt & 3-opt: 1740
After 2-opt & 3-opt: 886
Process number: 0 | Time: 0
Main Held-Karp lower bound: 534 | 
443
0 4 1 5 6 2 3 0
8 CITIES
Before 2-opt & 3-opt: 2376
After 2-opt & 3-opt: 1488
Process number: 0 | Time: 0
Main Held-Karp lower bound: 1170 | 
744
0 2 1 7 3 6 4 5 0
9 CITIES
Before 2-opt & 3-opt: 2546
After 2-opt & 3-opt: 960
Process number: 0 | Time: 0
Main Held-Karp lower bound: 758 | 
480
0 5 3 7 2 4 6 1 8 0
10 CITIES
Before 2-opt & 3-opt: 2826
After 2-opt & 3-opt: 1076
Process number: 0 | Time: 0
Main Held-Karp lower bound: 546 | 
523
0 3 6 1 7 2 8 5 4 9 0
11 CITIES
Before 2-opt & 3-opt: 3552
After 2-opt & 3-opt: 824
Process number: 0 | Time: 0
Main Held-Karp lower bound: 490 | 
412
0 3 5 7 4 2 6 10 8 1 9 0
12 CITIES
Before 2-opt & 3-opt: 2696
After 2-opt & 3-opt: 1176
Process number: 0 | Time: 0
Main Held-Karp lower bound: 966 | 
588
0 7 9 2 4 5 11 1 6 10 8 3 0
13 CITIES
Before 2-opt & 3-opt: 4248
After 2-opt & 3-opt: 1104
Process number: 0 | Time: 0
Main Held-Karp lower bound: 774 | 
552
0 12 11 2 10 6 3 5 8 4 1 7 9 0
14 CITIES
Before 2-opt & 3-opt: 2842
After 2-opt & 3-opt: 800
Process number: 0 | Time: 0
Main Held-Karp lower bound: 602 | 
400
0 5 2 1 11 13 7 10 6 8 9 3 4 12 0
15 CITIES
Before 2-opt & 3-opt: 4044
After 2-opt & 3-opt: 1366
Process number: 0 | Time: 10
Main Held-Karp lower bound: 886 | 
651
0 7 14 11 2 13 1 6 12 3 9 10 8 4 5 0
16 CITIES
Before 2-opt & 3-opt: 4266
After 2-opt & 3-opt: 1136
Process number: 0 | Time: 10
Main Held-Karp lower bound: 836 | 
568
0 2 6 14 11 1 3 9 5 7 15 12 13 8 10 4 0
17 CITIES
Before 2-opt & 3-opt: 3812
After 2-opt & 3-opt: 1034
Process number: 0 | Time: 20
Main Held-Karp lower bound: 664 | 
462
0 10 1 9 2 5 6 8 13 11 14 12 15 4 3 16 7 0
18 CITIES
Before 2-opt & 3-opt: 3162
After 2-opt & 3-opt: 796
Process number: 0 | Time: 10
Main Held-Karp lower bound: 508 | 
398
0 12 10 2 4 17 9 1 6 7 16 13 8 3 14 11 15 5 0
19 CITIES
Before 2-opt & 3-opt: 4782
After 2-opt & 3-opt: 1652
Process number: 0 | Time: 50
Main Held-Karp lower bound: 1072 | 
745
0 3 1 8 18 4 11 5 9 10 17 6 2 16 14 13 15 7 12 0
20 CITIES
Before 2-opt & 3-opt: 5640
After 2-opt & 3-opt: 1188
Process number: 0 | Time: 20
Main Held-Karp lower bound: 876 | 
594
0 10 4 19 12 15 6 17 11 9 2 8 16 14 3 13 18 1 7 5 0
21 CITIES
Before 2-opt & 3-opt: 4952
After 2-opt & 3-opt: 1380
Process number: 0 | Time: 70
Main Held-Karp lower bound: 904 | 
656
0 3 8 15 19 13 11 20 16 5 18 17 7 4 6 14 12 2 10 1 9 0
22 CITIES
Before 2-opt & 3-opt: 4496
After 2-opt & 3-opt: 1174
Process number: 0 | Time: 40
Main Held-Karp lower bound: 688 | 
587
0 21 5 13 16 17 1 6 8 18 7 9 3 4 14 2 19 11 15 10 12 20 0
23 CITIES
Before 2-opt & 3-opt: 5170
After 2-opt & 3-opt: 888
Process number: 0 | Time: 60
Main Held-Karp lower bound: 498 | 
408
0 4 9 20 8 15 14 6 12 22 7 19 2 18 21 17 3 11 13 16 1 10 5 0
24 CITIES
Before 2-opt & 3-opt: 6564
After 2-opt & 3-opt: 1226
Process number: 0 | Time: 610
Main Held-Karp lower bound: 640 | 
599
0 13 1 5 19 12 2 10 9 18 23 7 3 17 21 14 8 15 6 4 20 16 11 22 0
25 CITIES
Before 2-opt & 3-opt: 6540
After 2-opt & 3-opt: 810
Process number: 0 | Time: 110
Main Held-Karp lower bound: 560 | 
399
0 1 20 24 14 11 2 17 5 22 6 9 10 15 16 7 21 12 13 18 19 3 8 4 23 0
26 CITIES
Before 2-opt & 3-opt: 6730
After 2-opt & 3-opt: 1326
Process number: 0 | Time: 270
Main Held-Karp lower bound: 904 | 
647
0 4 23 19 15 25 14 12 22 9 20 16 10 3 6 13 17 2 1 8 5 21 7 11 18 24 0
27 CITIES
Before 2-opt & 3-opt: 6492
After 2-opt & 3-opt: 1028
Process number: 0 | Time: 210
Main Held-Karp lower bound: 536 | 
512
0 13 24 6 19 23 5 16 11 7 25 22 20 12 14 8 15 4 9 26 10 1 17 21 2 18 3 0
28 CITIES
Before 2-opt & 3-opt: 4386
After 2-opt & 3-opt: 962
Process number: 0 | Time: 410
Main Held-Karp lower bound: 660 | 
471
0 1 21 24 26 25 23 8 9 10 2 19 16 15 17 22 7 27 3 4 12 5 6 13 20 14 18 11 0
29 CITIES
Before 2-opt & 3-opt: 6950
After 2-opt & 3-opt: 1226
Process number: 0 | Time: 630
Main Held-Karp lower bound: 790 | 
583
0 20 13 4 18 28 8 3 26 12 7 16 17 14 25 6 5 23 19 21 1 22 11 2 27 24 15 9 10 0
30 CITIES
Before 2-opt & 3-opt: 7638
After 2-opt & 3-opt: 950
Process number: 0 | Time: 380
Main Held-Karp lower bound: 696 | 
475
0 9 13 8 17 2 26 6 15 11 18 22 21 5 23 12 24 4 10 14 19 16 3 1 20 25 28 27 29 7 0
31 CITIES
Before 2-opt & 3-opt: 5944
After 2-opt & 3-opt: 1178
Process number: 0 | Time: 600
Main Held-Karp lower bound: 634 | 
503
0 14 28 16 3 1 27 4 22 20 25 10 6 15 11 21 24 7 26 30 17 18 2 5 19 13 29 23 9 8 12 0
32 CITIES
Before 2-opt & 3-opt: 8072
After 2-opt & 3-opt: 1154
Process number: 0 | Time: 1720
Main Held-Karp lower bound: 594 | 
532
0 7 26 20 8 3 17 5 14 9 10 29 15 6 25 24 1 31 27 23 18 4 2 28 22 13 16 19 30 21 12 11 0
33 CITIES
Before 2-opt & 3-opt: 7926
After 2-opt & 3-opt: 768
Process number: 0 | Time: 210
Main Held-Karp lower bound: 492 | 
384
0 25 20 19 16 15 4 26 22 27 12 8 23 6 2 1 31 29 13 9 28 14 10 24 18 17 7 3 32 5 30 21 11 0
34 CITIES
Before 2-opt & 3-opt: 8140
After 2-opt & 3-opt: 1132
Process number: 0 | Time: 870
Main Held-Karp lower bound: 694 | 
549
0 11 31 10 8 17 29 6 18 20 16 24 30 5 4 15 7 3 21 26 32 13 12 27 14 1 2 9 19 25 28 33 23 22 0
35 CITIES
Before 2-opt & 3-opt: 7514
After 2-opt & 3-opt: 1104
Process number: 0 | Time: 2970
Main Held-Karp lower bound: 726 | 
531
0 24 25 21 22 31 28 15 5 20 33 29 32 2 8 10 34 7 19 16 26 13 18 14 23 3 11 17 9 12 1 6 4 30 27 0
36 CITIES
Before 2-opt & 3-opt: 8376
After 2-opt & 3-opt: 1022
Process number: 0 | Time: 3070
Main Held-Karp lower bound: 562 | 
491
0 10 19 30 27 12 32 3 31 26 18 28 2 1 35 23 22 4 8 33 14 17 34 13 15 11 16 25 7 21 5 29 20 9 24 6 0
37 CITIES
Before 2-opt & 3-opt: 9334
After 2-opt & 3-opt: 1438
Process number: 0 | Time: 5260
Main Held-Karp lower bound: 974 | 
709
0 15 32 17 20 6 4 18 2 11 14 26 36 22 13 5 21 30 10 3 29 31 27 35 1 33 34 23 28 19 8 12 25 16 24 7 9 0
38 CITIES
Before 2-opt & 3-opt: 9216
After 2-opt & 3-opt: 1408
Process number: 0 | Time: 3740
Main Held-Karp lower bound: 932 | 
651
0 22 26 35 17 18 31 13 33 5 11 23 2 34 15 16 9 3 25 32 7 27 30 10 8 4 21 36 28 6 20 24 1 19 14 12 29 37 0
39 CITIES
Before 2-opt & 3-opt: 9466
After 2-opt & 3-opt: 1090
Process number: 0 | Time: 2570
Main Held-Karp lower bound: 562 | 
490
0 11 33 7 17 31 34 27 28 13 32 23 30 37 20 26 3 10 12 9 18 19 1 36 22 29 25 21 14 2 15 16 24 35 6 8 4 5 38 0
40 CITIES
Before 2-opt & 3-opt: 11476
After 2-opt & 3-opt: 876
Process number: 0 | Time: 5340
Main Held-Karp lower bound: 486 | 
388
0 29 18 32 35 24 9 2 30 6 38 26 31 19 23 22 39 8 25 13 4 36 1 3 33 7 21 15 16 10 17 11 34 5 28 12 14 27 20 37 0
41 CITIES
Before 2-opt & 3-opt: 11234
After 2-opt & 3-opt: 1086
Process number: 0 | Time: 5130
Main Held-Karp lower bound: 630 | 
516
0 25 39 36 15 4 11 14 13 40 38 34 18 3 21 29 22 30 27 26 32 24 7 5 2 28 19 6 8 12 9 23 33 17 16 10 37 1 35 20 31 0
42 CITIES
Before 2-opt & 3-opt: 12104
After 2-opt & 3-opt: 1036
Process number: 0 | Time: 6060
Main Held-Karp lower bound: 684 | 
461
0 30 41 34 8 3 21 25 22 28 18 37 17 12 36 16 10 26 31 40 19 14 29 38 23 1 27 6 7 9 24 20 11 15 5 35 39 33 4 32 13 2 0
43 CITIES
Before 2-opt & 3-opt: 11436
After 2-opt & 3-opt: 1360
Process number: 0 | Time: 8170
Main Held-Karp lower bound: 844 | 
663
0 21 12 38 9 1 19 39 41 37 30 40 36 32 34 23 15 18 24 11 25 10 17 35 4 42 5 27 13 7 8 2 3 31 14 28 20 29 26 16 6 22 33 0
44 CITIES
Before 2-opt & 3-opt: 11322
After 2-opt & 3-opt: 1156
Process number: 0 | Time: 6620
Main Held-Karp lower bound: 696 | 
561
0 31 11 8 17 42 10 16 33 4 3 36 39 14 12 34 9 41 22 25 29 43 2 13 38 32 28 18 35 37 7 40 24 30 20 6 26 1 21 27 15 23 19 5 0
45 CITIES
Before 2-opt & 3-opt: 11720
After 2-opt & 3-opt: 1066
Process number: 0 | Time: 4620
Main Held-Karp lower bound: 492 | 
433
0 15 20 1 29 27 33 41 32 22 8 37 30 13 7 36 23 39 19 25 2 4 34 6 42 21 12 3 17 14 40 26 24 38 28 35 44 43 11 18 10 9 31 16 5 0
46 CITIES
Before 2-opt & 3-opt: 10900
After 2-opt & 3-opt: 1078
Process number: 0 | Time: 11990
Main Held-Karp lower bound: 640 | 
495
0 22 21 10 27 18 32 45 2 39 25 36 17 33 6 16 20 29 8 7 44 5 34 24 9 13 23 15 30 14 42 41 3 31 4 40 26 35 28 11 19 12 43 37 1 38 0
47 CITIES
Before 2-opt & 3-opt: 12886
After 2-opt & 3-opt: 1066
Process number: 0 | Time: 10750
Main Held-Karp lower bound: 626 | 
501
0 19 6 17 13 23 32 1 4 3 29 8 14 21 34 46 33 22 9 41 24 38 28 2 43 27 12 25 39 44 31 11 36 20 7 18 35 30 5 16 42 45 10 40 26 15 37 0
48 CITIES
Before 2-opt & 3-opt: 11188
After 2-opt & 3-opt: 1240
Process number: 0 | Time: 15740
Main Held-Karp lower bound: 748 | 
596
0 39 43 33 37 21 3 27 36 11 30 10 23 13 40 4 8 15 38 24 25 5 12 2 28 32 22 45 1 46 34 14 31 9 42 16 47 17 29 6 20 18 35 7 41 44 26 19 0
49 CITIES
Before 2-opt & 3-opt: 10638
After 2-opt & 3-opt: 1190
Process number: 0 | Time: 4670
Main Held-Karp lower bound: 726 | 
570
0 28 42 36 3 30 29 11 39 25 23 47 1 31 15 35 44 13 22 19 10 38 12 6 2 16 9 45 37 5 20 27 40 24 7 8 33 43 17 34 14 46 4 18 41 21 26 48 32 0
50 CITIES
Before 2-opt & 3-opt: 12330
After 2-opt & 3-opt: 1360
Process number: 0 | Time: 7320
Main Held-Karp lower bound: 746 | 
593
0 26 36 4 47 5 21 46 40 42 12 33 48 39 23 28 34 16 14 19 20 10 8 13 7 44 38 29 30 43 35 3 6 41 11 18 49 24 9 45 22 1 15 37 31 27 17 32 25 2 0
