TEST WITH 8 PROCESSES ON 2 NODES - BRG180
BRG180
Before 2-opt & 3-opt: 237720
After 2-opt & 3-opt: 3980
Process number: 0 | Time: 1033290
Main Held-Karp lower bound: 3880 | 
1950
0 52 51 50 49 48 59 58 57 56 55 54 53 131 120 121 122 123 124 125 126 127 128 129 130 34 33 32 31 30 29 28 27 26 25 24 35 88 87 86 85 84 95 94 93 92 91 90 89 166 165 164 163 162 161 160 159 158 157 156 167 67 68 69 70 71 60 61 62 63 64 65 66 45 46 47 36 37 38 39 40 41 42 43 44 114 113 112 111 110 109 108 119 118 117 116 115 98 97 96 107 106 105 104 103 102 101 100 99 150 149 148 147 146 145 144 155 154 153 152 151 21 22 23 12 13 14 15 16 17 18 19 20 169 170 171 172 173 174 175 176 177 178 179 168 79 80 81 82 83 72 73 74 75 76 77 78 140 139 138 137 136 135 134 133 132 143 142 141 1 2 3 4 5 6 7 8 9 10 11 0
