TEST WITH 8 PROCESSES ON 2 NODES - RANDOM DISTANCES BETWEEN 1 AND 250 - NO HELD-KARP
3 CITIES
Process number: 0 | Time: 0
261
0 1 2 0
4 CITIES
Process number: 0 | Time: 0
390
0 2 1 3 0
5 CITIES
Process number: 0 | Time: 0
403
0 3 4 2 1 0
6 CITIES
Process number: 0 | Time: 0
523
0 2 4 5 3 1 0
7 CITIES
Process number: 0 | Time: 0
443
0 4 1 5 6 2 3 0
8 CITIES
Process number: 0 | Time: 10
744
0 2 1 7 3 6 4 5 0
9 CITIES
Process number: 0 | Time: 0
480
0 5 3 7 2 4 6 1 8 0
10 CITIES
Process number: 10 | Time: 0
523
0 3 6 1 7 2 8 5 4 9 0
11 CITIES
Process number: 0 | Time: 0
412
0 3 5 7 4 2 6 10 8 1 9 0
12 CITIES
Process number: 0 | Time: 0
588
0 7 9 2 4 5 11 1 6 10 8 3 0
13 CITIES
Process number: 0 | Time: 0
552
0 12 11 2 10 6 3 5 8 4 1 7 9 0
14 CITIES
Process number: 0 | Time: 0
400
0 5 2 1 11 13 7 10 6 8 9 3 4 12 0
15 CITIES
Process number: 8 | Time: 10
651
0 7 14 11 2 13 1 6 12 3 9 10 8 4 5 0
16 CITIES
Process number: 0 | Time: 10
568
0 2 6 14 11 1 3 9 5 7 15 12 13 8 10 4 0
17 CITIES
Process number: 12 | Time: 10
462
0 10 1 9 2 5 6 8 13 11 14 12 15 4 3 16 7 0
18 CITIES
Process number: 0 | Time: 0
398
0 12 10 2 4 17 9 1 6 7 16 13 8 3 14 11 15 5 0
19 CITIES
Process number: 11 | Time: 50
745
0 3 1 8 18 4 11 5 9 10 17 6 2 16 14 13 15 7 12 0
20 CITIES
Process number: 0 | Time: 10
594
0 10 4 19 12 15 6 17 11 9 2 8 16 14 3 13 18 1 7 5 0
21 CITIES
Process number: 4 | Time: 260
656
0 9 1 10 2 12 14 6 4 7 17 18 5 16 20 11 13 19 15 8 3 0
22 CITIES
Process number: 0 | Time: 710
587
0 21 5 13 16 17 1 6 8 18 7 9 3 4 14 2 19 11 15 10 12 20 0
23 CITIES
Process number: 11 | Time: 50
408
0 5 10 1 16 13 11 3 17 21 18 2 19 7 22 12 6 14 15 8 20 9 4 0
24 CITIES
Process number: 3 | Time: 7470
599
0 13 1 5 19 12 2 10 9 18 23 7 3 17 21 14 8 15 6 4 20 16 11 22 0
25 CITIES
Process number: 5 | Time: 70
399
0 23 4 8 3 19 18 13 12 21 7 16 15 10 9 6 22 5 17 2 11 14 24 20 1 0
26 CITIES
Process number: 4 | Time: 780
647
0 24 18 11 7 21 5 8 1 2 17 13 6 3 10 16 20 9 22 12 14 25 15 19 23 4 0
27 CITIES
Process number: 15 | Time: 1090
512
0 3 18 2 21 17 1 10 26 9 4 15 8 14 12 20 22 25 7 11 16 5 23 19 6 24 13 0
28 CITIES
Process number: 15 | Time: 270
471
0 11 10 2 19 16 15 17 9 4 12 5 6 13 20 14 18 3 27 7 22 8 23 25 26 24 21 1 0
29 CITIES
Process number: 9 | Time: 5720
583
0 20 13 4 18 28 8 3 26 12 7 16 17 14 25 6 5 23 19 21 1 22 11 2 27 24 15 9 10 0
30 CITIES
Process number: 0 | Time: 190
475
0 9 13 8 17 2 26 6 15 11 18 22 21 5 23 12 24 4 10 14 19 16 3 1 20 25 28 27 29 7 0
31 CITIES
Process number: 15 | Time: 2470
503
0 12 8 9 23 29 13 19 5 2 18 17 30 26 7 24 21 11 15 6 10 25 20 22 4 27 1 3 16 28 14 0
32 CITIES
Process number: 15 | Time: 3530
532
0 7 26 20 8 3 17 5 14 9 10 29 15 6 25 24 1 31 27 23 18 4 2 28 22 13 16 19 30 21 12 11 0
33 CITIES
Process number: 0 | Time: 800
384
0 25 20 19 16 15 4 26 22 27 12 8 23 6 2 1 31 29 13 9 28 14 10 24 18 17 7 3 32 5 30 21 11 0
34 CITIES
Process number: 13 | Time: 56610
549
0 11 31 10 8 17 29 6 18 20 16 24 30 5 4 15 7 3 21 26 32 13 12 27 14 1 2 9 19 25 28 33 23 22 0
35 CITIES
Process number: 12 | Time: 7560
531
0 27 30 4 6 1 12 9 17 11 3 23 14 18 13 26 16 19 7 34 10 8 2 32 29 33 20 5 15 28 31 22 21 25 24 0
36 CITIES
Process number: 2 | Time: 38650
491
0 10 19 30 27 12 32 3 31 26 18 28 2 1 35 23 22 4 8 33 14 17 34 13 15 11 16 25 7 21 5 29 20 9 24 6 0
37 CITIES
Process number: 3 | Time: 3708440
709
0 9 7 24 16 25 12 8 19 28 23 34 33 1 35 27 31 29 3 10 30 21 5 13 22 36 26 14 11 2 18 4 6 20 17 32 15 0
38 CITIES
Process number: 2 | Time: 218610
651
0 37 29 12 14 19 1 24 20 6 28 36 21 4 8 10 30 27 7 32 25 3 9 16 15 34 2 23 11 5 33 13 31 18 17 35 26 22 0
39 CITIES
Process number: 7 | Time: 224030
490
0 38 5 4 8 6 35 24 16 15 2 14 21 25 29 22 36 1 19 18 9 12 10 3 26 20 37 30 23 32 13 28 27 34 31 17 7 33 11 0
40 CITIES
Process number: 7 | Time: 11870
388
0 37 20 27 14 12 28 5 34 11 17 10 16 15 21 7 33 3 1 36 4 13 25 8 39 22 23 19 31 26 38 6 30 2 9 24 35 32 18 29 0
41 CITIES
Process number: 2 | Time: 186200
516
0 25 39 36 15 4 11 14 13 40 38 34 18 3 21 29 22 30 27 26 32 24 7 5 2 28 19 6 8 12 9 23 33 17 16 10 37 1 35 20 31 0
42 CITIES
Process number: 8 | Time: 7960
461
0 30 41 34 8 3 21 25 22 28 18 37 17 12 36 16 10 26 31 40 19 14 29 38 23 1 27 6 7 9 24 20 11 15 5 35 39 33 4 32 13 2 0
43 CITIES
Process number: 7 | Time: 13101570
663
0 33 22 6 16 26 29 20 28 14 31 3 2 8 7 13 27 5 42 4 35 17 10 25 11 24 18 15 23 34 32 36 40 30 37 41 39 19 1 9 38 12 21 0
44 CITIES
Process number: 2 | Time: 1712480
561
0 31 11 8 17 42 10 16 33 4 3 36 39 14 12 34 9 41 22 25 29 43 2 13 38 32 28 18 35 37 7 40 24 30 20 6 26 1 21 27 15 23 19 5 0
45 CITIES
Process number: 14 | Time: 184160
433
0 15 20 1 29 27 33 41 32 22 8 37 30 13 7 36 23 39 19 25 2 4 34 6 42 21 12 3 17 14 40 26 24 38 28 35 44 43 11 18 10 9 31 16 5 0
46 CITIES
