TEST WITH 8 PROCESSES ON 2 NODES - RANDOM DISTANCES BETWEEN 1 AND 250
76 CITIES
Before 2-opt & 3-opt: 19684
After 2-opt & 3-opt: 1312
Process number: 1 | Time: 87940
Main Held-Karp lower bound: 748 | 
578
0 11 12 71 47 7 53 38 35 25 20 68 3 64 39 46 19 67 36 50 62 59 65 37 6 70 21 75 48 60 17 15 66 57 49 14 69 43 4 73 18 1 13 16 24 44 58 51 41 22 32 40 52 5 42 27 61 29 2 72 23 45 8 30 33 34 9 28 56 63 55 26 54 74 31 10 0
77 CITIES
Before 2-opt & 3-opt: 19630
After 2-opt & 3-opt: 1150
Process number: 6 | Time: 114380
Main Held-Karp lower bound: 726 | 
537
0 16 73 26 51 23 54 46 29 41 75 7 59 24 45 12 27 62 32 37 42 48 39 4 8 71 35 76 57 64 33 17 25 49 56 66 9 5 65 18 10 50 3 58 34 60 53 13 74 22 68 31 2 52 30 44 67 6 69 63 43 14 61 21 19 28 55 72 36 20 1 38 47 40 15 70 11 0
78 CITIES
Before 2-opt & 3-opt: 21534
After 2-opt & 3-opt: 1410
Process number: 12 | Time: 330170
Main Held-Karp lower bound: 714 | 
611
0 55 71 53 63 14 75 66 16 34 62 11 3 36 37 33 28 1 51 39 41 25 38 5 61 9 59 47 70 20 6 4 68 52 7 77 64 32 31 26 56 24 44 15 13 58 54 21 30 40 57 27 19 29 12 10 60 50 46 2 48 73 69 43 76 42 23 49 74 45 18 65 17 67 8 72 35 22 0
79 CITIES
Before 2-opt & 3-opt: 19332
After 2-opt & 3-opt: 1302
Process number: 6 | Time: 133850
Main Held-Karp lower bound: 642 | 
496
0 48 8 52 19 1 76 67 14 43 36 6 64 25 75 20 7 65 70 35 69 57 51 24 45 68 32 61 71 22 27 72 5 29 23 47 62 77 11 10 2 26 31 46 74 60 78 3 58 49 33 18 54 73 28 34 56 44 55 17 16 63 42 9 30 12 15 41 37 50 38 4 39 13 59 53 40 21 66 0
80 CITIES
Before 2-opt & 3-opt: 21080
After 2-opt & 3-opt: 1196
Process number: 9 | Time: 120130
Main Held-Karp lower bound: 602 | 
523
0 37 79 48 55 24 57 18 30 45 40 22 68 52 11 46 16 65 20 31 51 62 15 59 21 60 27 2 9 4 19 10 76 49 70 64 23 69 1 13 66 58 41 73 32 29 34 38 63 74 28 75 36 61 77 50 71 39 3 53 26 25 42 17 6 5 8 47 7 14 78 44 43 33 72 56 12 54 35 67 0
81 CITIES
Before 2-opt & 3-opt: 19260
After 2-opt & 3-opt: 1218
Process number: 3 | Time: 156500
Main Held-Karp lower bound: 708 | 
597
0 57 7 76 13 10 38 54 62 49 42 51 73 6 40 64 52 75 45 19 55 78 8 61 24 9 71 48 30 12 31 47 5 67 17 65 23 50 25 66 34 35 16 18 46 74 4 80 53 1 32 3 2 37 22 20 59 11 58 36 70 77 28 26 60 79 15 39 27 41 69 44 14 43 63 29 68 72 33 21 56 0
82 CITIES
Before 2-opt & 3-opt: 18674
After 2-opt & 3-opt: 1344
Process number: 13 | Time: 159180
Main Held-Karp lower bound: 838 | 
622
0 32 27 25 50 29 3 65 54 67 34 47 72 8 31 28 5 39 22 51 49 26 48 13 17 60 6 35 21 14 30 7 20 44 1 52 10 79 68 63 42 57 41 33 2 70 40 80 38 77 59 11 15 4 9 43 56 55 76 18 81 36 19 61 64 78 69 74 16 73 23 66 12 58 37 62 24 46 71 53 45 75 0
83 CITIES
Before 2-opt & 3-opt: 17020
After 2-opt & 3-opt: 1360
Process number: 4 | Time: 208760
Main Held-Karp lower bound: 828 | 
620
0 82 35 18 78 24 30 65 32 77 69 61 17 45 51 15 27 28 68 57 79 49 21 39 54 41 33 80 72 70 8 14 42 3 67 52 46 60 59 9 37 44 4 43 58 55 2 76 13 7 25 81 74 73 6 10 1 63 11 12 29 38 40 16 66 31 56 5 71 64 36 75 53 23 50 19 34 20 22 48 26 62 47 0
84 CITIES
Before 2-opt & 3-opt: 20570
After 2-opt & 3-opt: 1004
Process number: 9 | Time: 132380
Main Held-Karp lower bound: 620 | 
483
0 74 11 70 23 81 31 43 69 20 24 32 47 15 39 62 75 19 34 37 8 56 61 21 77 13 14 46 80 63 50 38 66 51 6 27 65 48 76 17 16 73 54 59 7 25 30 58 5 41 79 78 9 18 12 71 72 35 40 42 55 49 33 52 44 26 57 64 82 45 67 29 60 1 3 68 53 22 28 36 10 4 2 83 0
85 CITIES
Before 2-opt & 3-opt: 17596
After 2-opt & 3-opt: 1106
Process number: 5 | Time: 238850
Main Held-Karp lower bound: 592 | 
500
0 58 50 55 14 80 31 44 1 6 57 7 25 30 82 22 72 84 4 39 10 27 54 8 77 16 12 35 13 48 76 60 66 26 69 56 73 45 70 9 17 81 28 36 67 40 68 3 62 59 61 49 2 71 65 43 53 32 46 33 20 15 52 79 74 5 34 64 23 37 42 75 11 51 83 38 47 63 24 21 78 41 18 29 19 0
86 CITIES
Before 2-opt & 3-opt: 21982
After 2-opt & 3-opt: 1266
Process number: 11 | Time: 276350
Main Held-Karp lower bound: 756 | 
580
0 15 4 63 37 77 9 29 28 42 20 52 85 27 13 44 62 84 32 45 60 57 43 38 18 71 66 59 65 33 25 19 73 26 70 79 35 72 75 5 47 51 53 10 21 80 74 78 64 50 41 83 24 16 22 69 67 7 55 48 82 61 76 31 14 2 17 6 30 1 68 34 58 56 39 8 23 12 40 36 81 46 54 49 11 3 0
87 CITIES
Before 2-opt & 3-opt: 20716
After 2-opt & 3-opt: 1040
Process number: 14 | Time: 143060
Main Held-Karp lower bound: 576 | 
461
0 12 52 32 1 2 30 47 66 34 65 77 29 18 35 22 78 57 81 64 83 4 73 33 39 15 14 85 63 55 49 68 79 82 50 74 6 75 28 40 9 31 13 45 53 61 70 10 36 41 46 37 8 69 60 43 58 48 17 23 26 44 7 3 84 38 86 71 25 67 20 11 19 5 56 27 16 76 51 59 80 62 42 21 54 24 72 0
88 CITIES
Before 2-opt & 3-opt: 23552
After 2-opt & 3-opt: 1180
Process number: 1 | Time: 336100
Main Held-Karp lower bound: 622 | 
536
0 1 24 66 28 39 17 73 78 41 79 68 25 21 35 51 55 30 5 60 22 34 12 76 43 49 74 56 10 8 26 84 80 46 61 36 45 2 67 59 65 15 6 64 37 33 13 72 69 53 40 9 52 62 86 83 58 23 63 20 38 77 32 87 3 42 82 48 14 50 19 47 85 75 31 81 11 18 7 70 27 57 29 54 44 71 16 4 0
89 CITIES
Before 2-opt & 3-opt: 22028
After 2-opt & 3-opt: 1264
Process number: 7 | Time: 225560
Main Held-Karp lower bound: 738 | 
561
0 1 66 45 53 44 7 79 62 37 72 26 55 84 35 18 2 50 88 21 23 59 52 32 63 48 87 19 74 22 39 78 51 81 43 31 56 20 29 77 8 68 65 10 42 16 27 40 85 33 80 15 47 30 28 71 6 54 5 36 60 25 4 76 3 9 11 75 12 38 82 34 58 86 41 73 67 83 57 49 13 14 24 70 46 61 69 64 17 0
90 CITIES
Before 2-opt & 3-opt: 23202
After 2-opt & 3-opt: 1276
Process number: 5 | Time: 269390
Main Held-Karp lower bound: 740 | 
550
0 57 40 28 8 46 2 74 56 47 64 23 87 14 24 45 19 17 13 88 83 42 6 51 81 73 58 35 77 31 82 67 15 63 16 21 5 61 43 48 84 27 11 65 60 66 32 72 39 50 29 25 49 70 36 30 26 89 3 71 12 52 76 37 33 69 38 10 85 7 9 1 41 44 20 79 54 62 78 86 68 18 59 75 4 53 80 22 55 34 0
91 CITIES
Before 2-opt & 3-opt: 22408
After 2-opt & 3-opt: 1118
Process number: 5 | Time: 371450
Main Held-Karp lower bound: 634 | 
511
0 76 47 35 62 83 71 84 66 88 57 29 68 6 59 24 65 11 40 69 12 39 64 3 25 4 23 60 45 53 20 70 1 78 86 9 52 42 15 50 44 61 28 43 32 16 67 18 80 19 90 51 48 26 87 63 77 38 81 10 74 73 31 58 5 14 22 37 17 79 30 27 56 7 49 8 21 75 82 46 54 2 55 33 34 36 89 72 85 41 13 0
92 CITIES
Before 2-opt & 3-opt: 23392
After 2-opt & 3-opt: 1266
Process number: 8 | Time: 354160
Main Held-Karp lower bound: 724 | 
532
0 38 49 83 15 26 70 67 36 19 28 44 3 20 53 88 85 50 6 33 2 9 21 78 52 55 82 48 35 13 37 40 74 16 81 47 4 5 1 24 56 54 69 32 11 84 89 27 18 77 59 72 73 45 46 62 42 65 22 64 31 7 29 39 12 17 51 61 91 14 41 68 30 75 87 60 76 90 43 10 58 66 63 25 23 34 80 79 57 71 8 86 0
93 CITIES
Before 2-opt & 3-opt: 26002
After 2-opt & 3-opt: 1150
Process number: 7 | Time: 372800
Main Held-Karp lower bound: 750 | 
541
0 53 22 71 83 66 37 32 75 48 89 65 31 28 14 58 27 91 87 39 23 56 4 49 13 34 90 38 41 16 84 67 24 19 5 79 59 8 43 80 45 69 62 54 47 30 52 92 29 12 3 85 63 77 33 57 50 2 35 7 78 40 9 55 25 46 21 17 18 76 64 68 1 42 6 73 88 86 15 51 11 10 60 72 70 61 20 74 82 26 44 36 81 0
94 CITIES
Before 2-opt & 3-opt: 21642
After 2-opt & 3-opt: 1166
Process number: 14 | Time: 383640
Main Held-Karp lower bound: 624 | 
522
0 62 61 63 54 18 57 70 82 41 36 28 86 40 17 77 6 48 84 2 23 38 51 27 68 91 90 78 26 74 21 55 67 11 59 93 50 66 5 43 89 44 75 80 24 1 34 72 3 88 49 81 15 52 32 29 37 58 60 45 46 79 42 30 71 19 10 65 56 16 12 73 31 8 4 25 87 22 47 39 69 92 35 13 64 76 7 14 83 20 9 53 33 85 0
95 CITIES
Before 2-opt & 3-opt: 22660
After 2-opt & 3-opt: 1122
Process number: 14 | Time: 549390
Main Held-Karp lower bound: 646 | 
500
0 11 81 54 33 88 4 21 31 61 92 56 72 57 27 37 78 18 62 53 86 59 55 47 19 64 45 94 60 93 87 42 30 50 34 5 23 79 73 1 10 63 25 39 91 65 36 2 20 49 28 58 67 29 76 75 71 90 9 8 43 32 12 80 84 74 44 68 3 41 15 14 82 26 40 70 22 51 24 13 69 16 38 52 35 6 85 77 89 48 83 66 7 17 46 0
96 CITIES
Before 2-opt & 3-opt: 24290
After 2-opt & 3-opt: 1098
Process number: 4 | Time: 614030
Main Held-Karp lower bound: 636 | 
488
0 18 40 31 81 33 89 15 52 9 26 11 19 95 48 36 62 24 5 4 74 55 63 46 71 7 29 44 53 92 17 42 75 49 93 60 8 57 47 94 85 23 25 2 20 61 68 70 21 13 50 10 14 90 6 22 91 34 88 69 35 45 73 28 51 76 65 72 84 79 30 67 58 3 38 86 82 77 59 64 83 39 27 54 78 12 56 37 41 16 1 66 87 80 32 43 0
97 CITIES
Before 2-opt & 3-opt: 25066
After 2-opt & 3-opt: 1470
Process number: 10 | Time: 606630
Main Held-Karp lower bound: 810 | 
620
0 76 50 81 6 2 45 68 72 65 85 90 38 70 55 36 57 39 40 15 79 4 96 62 66 26 47 82 17 80 91 34 7 30 83 67 14 88 71 24 8 3 60 94 78 29 46 95 54 93 21 20 43 74 42 12 9 69 35 48 87 19 32 89 61 33 49 73 58 28 92 51 10 23 52 77 27 11 63 75 5 25 22 31 53 56 44 18 84 37 86 16 1 13 64 59 41 0
98 CITIES
Before 2-opt & 3-opt: 24734
After 2-opt & 3-opt: 1240
Process number: 6 | Time: 592820
Main Held-Karp lower bound: 680 | 
549
0 15 24 96 54 49 82 13 41 61 63 17 6 64 8 35 94 97 90 11 22 40 30 3 58 71 1 92 42 44 75 93 27 43 79 81 28 65 77 50 16 39 46 72 38 57 78 59 45 21 23 4 70 20 91 19 26 56 85 69 5 53 36 60 80 12 18 76 62 83 55 74 87 9 29 95 51 48 73 25 2 34 10 67 31 33 89 86 32 7 47 14 68 37 84 66 52 88 0
99 CITIES
Before 2-opt & 3-opt: 23458
After 2-opt & 3-opt: 1312
Process number: 3 | Time: 941080
Main Held-Karp lower bound: 710 | 
579
0 15 71 75 9 7 54 53 69 45 18 77 50 8 32 95 41 60 28 67 40 96 43 92 59 73 1 88 52 30 78 14 4 20 58 44 65 89 11 74 61 94 66 6 90 72 13 10 19 80 57 27 12 70 35 82 79 47 37 39 49 62 98 83 31 87 29 84 55 26 85 86 16 34 91 22 42 5 17 81 51 25 24 68 93 63 97 21 64 56 48 76 46 36 38 33 2 23 3 0
100 CITIES
Before 2-opt & 3-opt: 25972
After 2-opt & 3-opt: 1330
Process number: 10 | Time: 615630
Main Held-Karp lower bound: 778 | 
591
0 76 14 54 28 99 78 19 73 57 16 37 45 59 60 23 93 53 74 48 18 52 50 20 32 22 42 33 21 79 68 80 30 40 62 26 89 34 88 71 2 11 44 91 66 6 24 5 7 38 83 12 29 92 56 98 9 46 8 82 15 96 87 64 36 41 3 43 1 69 58 70 67 13 55 17 65 72 61 95 10 63 49 75 35 51 97 77 25 86 47 84 90 27 31 85 94 81 39 4 0
