TEST WITH 8 PROCESSES ON 2 NODES - RANDOM DISTANCES BETWEEN 1 AND 250
51 CITIES
Before 2-opt & 3-opt: 12524
After 2-opt & 3-opt: 1230
Process number: 15 | Time: 10560
Main Held-Karp lower bound: 744 | 
591
0 37 49 44 38 33 35 22 31 8 7 28 11 42 30 46 34 3 10 32 40 13 12 21 2 20 25 47 9 1 16 50 39 45 18 6 26 41 36 14 5 19 17 48 27 24 15 23 43 4 29 0
52 CITIES
Before 2-opt & 3-opt: 14198
After 2-opt & 3-opt: 1364
Process number: 11 | Time: 14400
Main Held-Karp lower bound: 814 | 
625
0 24 1 51 14 37 40 21 34 23 41 4 27 15 29 10 20 46 35 8 11 30 32 38 31 6 25 13 16 9 50 47 18 26 48 44 7 42 45 43 12 36 2 22 17 33 3 5 19 49 39 28 0
53 CITIES
Before 2-opt & 3-opt: 14320
After 2-opt & 3-opt: 1400
Process number: 6 | Time: 22500
Main Held-Karp lower bound: 848 | 
661
0 26 50 1 29 37 13 3 8 28 32 14 24 9 36 19 7 18 51 43 30 47 15 52 33 49 25 34 40 10 6 21 20 22 17 48 23 16 31 46 45 39 27 38 41 44 11 35 42 4 12 5 2 0
54 CITIES
Before 2-opt & 3-opt: 13020
After 2-opt & 3-opt: 1256
Process number: 5 | Time: 18820
Main Held-Karp lower bound: 652 | 
576
0 17 16 47 23 12 7 28 36 48 37 53 18 19 41 31 46 42 38 44 50 43 34 24 13 25 29 21 15 32 35 20 45 10 33 2 26 4 51 5 52 14 11 30 6 1 22 3 27 39 40 49 8 9 0
55 CITIES
Before 2-opt & 3-opt: 12984
After 2-opt & 3-opt: 1004
Process number: 3 | Time: 16450
Main Held-Karp lower bound: 610 | 
473
0 3 38 23 54 11 34 6 48 18 24 20 13 25 1 2 47 19 17 5 22 45 9 15 16 52 46 14 27 44 36 26 4 28 30 21 42 33 32 37 51 10 41 8 40 7 53 31 29 35 39 43 50 49 12 0
56 CITIES
Before 2-opt & 3-opt: 15904
After 2-opt & 3-opt: 1248
Process number: 5 | Time: 17820
Main Held-Karp lower bound: 742 | 
595
0 15 27 33 14 28 25 21 8 48 52 49 9 37 41 34 40 2 18 47 32 44 13 29 1 42 55 39 51 46 6 17 35 50 43 30 16 5 3 7 20 38 12 53 4 22 54 26 10 31 11 36 45 24 19 23 0
57 CITIES
Before 2-opt & 3-opt: 14086
After 2-opt & 3-opt: 1152
Process number: 3 | Time: 25030
Main Held-Karp lower bound: 666 | 
505
0 35 12 46 10 8 44 37 2 30 29 38 22 31 45 32 15 9 24 16 41 5 26 23 53 1 34 20 50 13 6 51 42 11 19 56 43 3 48 28 14 55 4 21 47 7 40 49 36 17 25 33 18 54 39 27 52 0
58 CITIES
Before 2-opt & 3-opt: 13762
After 2-opt & 3-opt: 1288
Process number: 10 | Time: 27290
Main Held-Karp lower bound: 814 | 
595
0 53 15 16 5 35 27 3 28 6 26 21 8 39 10 41 43 25 47 30 7 36 23 9 40 29 22 44 51 54 31 49 17 19 2 56 37 34 32 52 12 4 1 42 14 38 45 11 33 20 46 48 55 57 24 50 18 13 0
59 CITIES
Before 2-opt & 3-opt: 12702
After 2-opt & 3-opt: 1132
Process number: 6 | Time: 38360
Main Held-Karp lower bound: 616 | 
499
0 51 34 12 11 22 35 43 18 46 37 17 36 56 48 1 26 29 28 54 55 5 25 49 27 9 4 23 52 32 30 31 3 8 50 53 24 41 6 20 21 19 16 45 38 2 39 44 42 33 15 14 40 7 58 47 10 13 57 0
60 CITIES
Before 2-opt & 3-opt: 15174
After 2-opt & 3-opt: 1186
Process number: 2 | Time: 16780
Main Held-Karp lower bound: 684 | 
519
0 39 48 51 40 53 35 6 7 45 55 59 32 50 44 37 18 52 34 19 2 49 54 36 56 41 11 43 3 25 14 47 57 58 46 22 42 38 24 5 26 21 12 29 17 23 33 4 10 8 1 15 30 9 28 16 13 20 27 31 0
61 CITIES
Before 2-opt & 3-opt: 17234
After 2-opt & 3-opt: 1198
Process number: 15 | Time: 10730
Main Held-Karp lower bound: 648 | 
556
0 30 4 43 3 58 12 38 19 10 13 44 46 55 23 57 5 49 59 37 56 34 2 21 47 15 40 42 54 51 36 53 8 28 20 60 32 50 25 41 9 48 27 39 11 7 29 35 26 16 14 52 22 45 1 33 31 17 18 24 6 0
62 CITIES
Before 2-opt & 3-opt: 15382
After 2-opt & 3-opt: 1090
Process number: 1 | Time: 31140
Main Held-Karp lower bound: 648 | 
471
0 1 12 10 34 37 29 15 3 5 28 61 60 2 7 17 52 4 21 50 11 6 53 55 22 47 49 41 54 39 44 45 42 35 46 58 33 30 19 14 18 20 36 31 57 27 9 51 8 25 23 16 26 59 43 13 40 38 48 32 24 56 0
63 CITIES
Before 2-opt & 3-opt: 16748
After 2-opt & 3-opt: 1226
Process number: 14 | Time: 38990
Main Held-Karp lower bound: 710 | 
571
0 43 31 9 14 10 36 54 30 18 7 49 42 55 15 20 51 61 2 19 39 16 23 59 40 17 34 26 37 52 58 25 48 3 32 35 62 22 38 29 27 44 6 5 53 8 4 11 45 12 24 57 28 13 46 60 21 47 33 50 56 1 41 0
64 CITIES
Before 2-opt & 3-opt: 16300
After 2-opt & 3-opt: 1214
Process number: 5 | Time: 34980
Main Held-Karp lower bound: 772 | 
559
0 54 3 28 30 20 36 62 37 14 57 29 2 10 58 51 52 25 22 61 17 63 18 53 21 15 32 12 40 42 49 4 48 23 7 26 38 43 27 59 16 39 46 35 31 60 55 24 1 34 5 45 11 9 13 44 47 50 6 8 33 56 19 41 0
65 CITIES
Before 2-opt & 3-opt: 14828
After 2-opt & 3-opt: 1186
Process number: 11 | Time: 27530
Main Held-Karp lower bound: 708 | 
543
0 50 52 55 26 51 32 16 57 31 30 29 49 22 17 28 58 47 45 34 38 53 12 7 37 59 43 13 4 41 56 11 60 54 3 63 19 44 1 2 14 9 46 33 27 15 25 42 20 24 6 40 21 61 18 8 39 23 36 10 5 62 64 35 48 0
66 CITIES
Before 2-opt & 3-opt: 16142
After 2-opt & 3-opt: 1192
Process number: 1 | Time: 54190
Main Held-Karp lower bound: 680 | 
543
0 36 22 3 27 41 30 57 23 25 43 60 65 13 55 40 4 39 26 56 63 59 9 12 5 38 45 62 42 34 18 53 51 16 2 49 10 33 24 6 35 44 31 15 52 46 28 58 61 47 29 14 32 11 54 19 64 17 21 7 37 1 20 48 50 8 0
67 CITIES
Before 2-opt & 3-opt: 17878
After 2-opt & 3-opt: 1144
Process number: 15 | Time: 71810
Main Held-Karp lower bound: 660 | 
518
0 28 35 34 7 12 18 6 60 43 51 59 63 2 10 17 1 50 37 9 22 58 14 54 45 46 44 8 20 16 21 11 36 15 56 66 52 55 27 38 47 41 39 3 62 64 53 13 25 48 19 57 29 33 40 26 61 42 24 32 31 65 49 5 23 4 30 0
68 CITIES
Before 2-opt & 3-opt: 16458
After 2-opt & 3-opt: 1140
Process number: 9 | Time: 46020
Main Held-Karp lower bound: 642 | 
497
0 11 38 30 33 24 27 15 9 53 54 3 59 32 26 48 6 64 45 46 63 4 57 22 18 21 5 65 62 29 28 34 67 60 51 66 42 16 36 43 58 10 14 44 39 55 23 41 37 13 1 49 25 17 7 35 31 56 61 12 2 8 20 19 52 47 50 40 0
69 CITIES
Before 2-opt & 3-opt: 16914
After 2-opt & 3-opt: 1330
Process number: 15 | Time: 71230
Main Held-Karp lower bound: 718 | 
564
0 64 29 9 48 7 60 22 35 20 12 44 19 23 53 57 3 47 58 31 14 1 36 63 21 15 51 61 5 38 59 54 62 41 46 56 45 50 4 2 26 33 6 43 65 37 52 25 17 24 67 30 16 18 13 32 8 10 27 28 66 49 42 39 55 68 40 11 34 0
70 CITIES
Before 2-opt & 3-opt: 18808
After 2-opt & 3-opt: 1028
Process number: 13 | Time: 57680
Main Held-Karp lower bound: 572 | 
465
0 18 64 39 57 54 44 8 43 45 35 61 46 67 2 63 14 48 47 4 26 21 58 20 5 34 1 25 55 10 49 53 31 37 12 40 23 59 17 52 60 33 42 13 62 38 11 15 66 7 24 36 22 27 51 3 41 16 69 28 65 6 29 56 68 50 30 9 19 32 0
71 CITIES
Before 2-opt & 3-opt: 18276
After 2-opt & 3-opt: 1124
Process number: 14 | Time: 68460
Main Held-Karp lower bound: 634 | 
511
0 38 63 49 14 69 2 43 59 3 51 4 15 36 22 21 20 60 23 58 19 17 9 42 25 44 37 57 41 34 50 7 66 32 48 68 54 39 5 67 28 26 13 52 35 8 12 64 16 30 45 10 27 55 33 46 1 29 40 6 53 11 18 24 70 61 47 65 31 62 56 0
72 CITIES
Before 2-opt & 3-opt: 17034
After 2-opt & 3-opt: 1410
Process number: 10 | Time: 115360
Main Held-Karp lower bound: 782 | 
629
0 50 65 35 22 31 63 37 28 68 18 9 32 29 46 34 54 69 57 23 13 27 51 21 48 15 52 4 44 8 17 25 33 39 55 66 14 62 38 7 49 2 53 70 67 6 36 3 19 26 71 59 12 20 1 41 42 43 61 10 56 45 5 47 24 40 58 11 16 30 64 60 0
73 CITIES
Before 2-opt & 3-opt: 21314
After 2-opt & 3-opt: 1272
Process number: 11 | Time: 88170
Main Held-Karp lower bound: 674 | 
535
0 52 18 24 8 50 31 51 21 32 40 35 6 56 4 64 26 22 14 46 48 39 13 5 57 12 2 63 36 16 49 23 59 41 44 38 71 47 7 70 67 33 29 43 53 55 34 30 65 28 17 25 54 69 42 62 58 61 15 37 66 27 20 9 3 19 11 72 45 10 1 68 60 0
74 CITIES
Before 2-opt & 3-opt: 17028
After 2-opt & 3-opt: 1022
Process number: 5 | Time: 53450
Main Held-Karp lower bound: 670 | 
472
0 8 12 39 3 31 28 57 24 40 1 26 38 60 4 59 72 10 41 68 37 2 65 61 46 45 49 50 44 25 63 43 23 69 55 52 33 9 58 70 16 29 32 17 35 15 51 34 14 64 7 18 27 48 73 11 53 30 56 6 13 54 62 67 66 22 19 21 36 71 5 47 42 20 0
75 CITIES
Before 2-opt & 3-opt: 15494
After 2-opt & 3-opt: 1178
Process number: 6 | Time: 76460
Main Held-Karp lower bound: 742 | 
534
0 59 61 21 31 11 44 24 7 66 25 18 34 33 42 4 20 5 52 57 68 55 60 73 71 62 65 1 6 56 3 32 46 49 38 39 15 70 23 8 9 45 50 16 22 51 13 27 28 47 30 53 14 63 36 41 35 26 67 64 69 40 2 48 10 29 19 12 17 43 37 54 58 74 72 0
