TEST WITH 8 PROCESSES ON 2 NODES - RANDOM DISTANCES BETWEEN 1 AND INT_MAX/AMOUNT_OF_CITIES
76 CITIES
Before 2-opt & 3-opt: 2114194524
After 2-opt & 3-opt: 127211012
Process number: 10 | Time: 97350
Main Held-Karp lower bound: 64805120 | 
55611133
0 32 44 59 11 72 22 52 71 70 14 68 1 43 2 55 4 53 40 12 37 34 6 35 28 16 62 9 46 10 36 8 31 51 20 67 17 69 58 42 65 29 15 33 13 48 41 24 27 61 50 39 3 60 19 26 66 45 38 47 30 63 74 73 18 49 7 25 64 56 21 57 23 54 5 75 0
77 CITIES
Before 2-opt & 3-opt: 2123190198
After 2-opt & 3-opt: 142668768
Process number: 14 | Time: 188280
Main Held-Karp lower bound: 69262716 | 
61071236
0 14 29 43 32 52 23 22 70 4 55 27 10 44 73 40 20 57 38 28 59 76 53 41 49 9 15 35 45 6 74 3 46 36 65 39 2 56 17 16 12 54 26 33 68 69 30 58 7 67 5 48 60 24 19 51 63 62 75 72 1 31 47 61 25 64 13 66 18 42 71 21 11 8 37 50 34 0
78 CITIES
Before 2-opt & 3-opt: 2148238176
After 2-opt & 3-opt: 136976562
Process number: 11 | Time: 143230
Main Held-Karp lower bound: 81112466 | 
62683448
0 16 51 65 66 64 45 42 4 53 63 71 38 75 67 10 52 59 25 7 70 68 9 8 46 60 3 5 37 48 17 56 35 74 49 13 33 36 77 29 23 39 24 73 31 19 72 57 44 76 18 40 41 20 50 22 26 15 1 2 69 28 61 55 6 21 27 32 30 14 34 47 12 62 54 58 43 11 0
79 CITIES
Before 2-opt & 3-opt: 2276238298
After 2-opt & 3-opt: 125674424
Process number: 6 | Time: 154060
Main Held-Karp lower bound: 65065366 | 
53315032
0 12 49 5 24 29 46 10 53 55 44 76 74 37 22 50 6 20 7 61 33 45 64 28 78 36 69 30 47 2 62 60 51 59 17 8 26 16 54 3 32 67 72 23 21 41 65 25 66 15 73 35 70 14 38 77 27 18 31 71 52 63 42 56 9 1 57 4 34 19 39 43 58 11 13 48 40 75 68 0
80 CITIES
Before 2-opt & 3-opt: 2404888134
After 2-opt & 3-opt: 123324696
Process number: 7 | Time: 115990
Main Held-Karp lower bound: 67882986 | 
56068771
0 30 8 37 45 33 58 32 72 10 46 60 23 71 54 48 68 17 69 63 74 3 38 31 5 75 65 14 19 12 62 28 41 57 24 56 25 29 55 21 49 36 51 7 39 73 76 70 40 79 47 53 64 27 42 66 35 6 22 59 9 67 77 15 61 18 52 11 16 4 2 44 50 13 26 34 43 78 20 1 0
81 CITIES
Before 2-opt & 3-opt: 2228405960
After 2-opt & 3-opt: 120749098
Process number: 12 | Time: 61830
Main Held-Karp lower bound: 65227280 | 
52523508
0 74 31 37 52 51 69 34 11 10 73 19 22 17 5 63 27 80 41 64 1 36 61 68 54 28 78 45 55 9 76 30 46 2 71 35 66 14 33 8 48 25 26 58 60 38 16 67 57 72 53 75 18 12 59 43 49 7 23 47 20 21 77 29 3 32 13 62 70 42 56 4 6 24 79 40 65 50 44 39 15 0
82 CITIES
Before 2-opt & 3-opt: 2138776684
After 2-opt & 3-opt: 117407682
Process number: 7 | Time: 129160
Main Held-Karp lower bound: 69732256 | 
53524530
0 30 74 67 1 65 58 75 45 42 68 71 33 32 39 78 57 16 21 19 64 14 34 40 25 29 24 81 3 12 38 62 27 70 49 10 73 23 44 48 28 43 6 9 60 41 11 47 66 7 37 63 35 13 56 59 72 52 55 22 18 76 53 15 51 79 5 46 54 26 80 31 77 2 69 61 4 36 8 20 17 50 0
83 CITIES
Before 2-opt & 3-opt: 2091263528
After 2-opt & 3-opt: 120904986
Process number: 6 | Time: 162790
Main Held-Karp lower bound: 71932378 | 
56925848
0 3 71 43 41 26 29 65 60 75 31 4 82 52 64 19 11 8 21 77 56 2 14 58 13 57 10 72 80 40 37 78 50 30 67 73 9 39 62 70 35 45 53 7 20 6 49 24 36 59 42 18 55 76 66 23 68 32 74 48 34 5 69 47 25 17 54 61 33 46 44 1 79 27 38 28 16 63 22 51 81 15 12 0
84 CITIES
Before 2-opt & 3-opt: 2069955040
After 2-opt & 3-opt: 114188086
Process number: 9 | Time: 248800
Main Held-Karp lower bound: 62484538 | 
51535531
0 29 20 17 57 12 55 80 71 35 48 47 82 54 31 76 18 81 73 34 63 23 5 58 1 53 41 3 30 74 43 72 69 37 7 36 68 24 83 27 6 9 32 44 59 56 16 28 70 66 46 21 45 14 8 39 65 75 10 50 79 4 2 15 60 40 77 52 38 61 62 22 49 11 25 42 78 13 64 67 19 51 26 33 0
85 CITIES
Before 2-opt & 3-opt: 1867913962
After 2-opt & 3-opt: 110871384
Process number: 5 | Time: 192960
Main Held-Karp lower bound: 65202480 | 
52117223
0 20 37 7 2 9 60 26 71 77 83 34 81 16 78 54 50 42 48 4 80 66 59 39 33 69 17 30 70 25 67 55 62 6 38 44 61 43 5 29 84 21 45 23 57 15 11 52 64 53 65 56 79 1 24 76 22 68 10 46 40 49 58 14 27 82 18 74 72 47 31 28 13 51 8 3 73 75 36 41 32 35 19 12 63 0
86 CITIES
Before 2-opt & 3-opt: 2096121632
After 2-opt & 3-opt: 102604750
Process number: 10 | Time: 260630
Main Held-Karp lower bound: 64421210 | 
47836895
0 45 58 33 74 17 12 39 29 8 37 18 85 14 5 32 43 31 28 65 6 61 78 59 22 60 81 36 51 46 13 27 26 68 56 41 75 77 25 54 83 84 72 50 69 47 24 76 49 57 19 40 44 38 62 23 4 15 10 30 71 55 11 52 34 63 20 1 82 2 9 80 73 79 7 42 35 21 3 48 70 67 66 64 53 16 0
87 CITIES
Before 2-opt & 3-opt: 2109403322
After 2-opt & 3-opt: 124255874
Process number: 6 | Time: 422140
Main Held-Karp lower bound: 57831992 | 
53435901
0 79 50 26 21 68 73 65 28 70 76 51 54 34 78 31 46 64 12 66 84 60 45 14 61 37 42 36 63 9 29 72 5 25 39 11 3 43 8 7 74 16 22 2 44 59 69 13 33 10 19 17 85 67 81 47 80 83 38 82 86 55 18 57 27 32 77 56 71 40 30 4 20 75 35 62 58 6 48 1 24 52 15 23 49 41 53 0
88 CITIES
Before 2-opt & 3-opt: 2260528188
After 2-opt & 3-opt: 117482930
Process number: 11 | Time: 269230
Main Held-Karp lower bound: 63075796 | 
52052956
0 79 78 71 84 62 76 23 80 58 19 65 70 8 7 44 10 86 83 48 5 25 18 77 53 1 15 50 37 32 28 42 33 85 47 16 36 68 13 22 74 54 38 6 17 67 30 20 59 55 4 14 27 3 45 24 11 43 63 75 31 26 64 9 35 60 40 81 66 56 21 72 41 29 51 39 69 57 61 12 52 49 73 46 2 87 82 34 0
89 CITIES
Before 2-opt & 3-opt: 2245435104
After 2-opt & 3-opt: 109898534
Process number: 6 | Time: 300440
Main Held-Karp lower bound: 55906556 | 
49067981
0 64 7 56 71 21 15 5 1 78 53 75 70 43 76 37 24 59 88 45 81 23 38 34 20 63 10 16 87 55 11 60 39 44 49 77 42 40 22 80 9 8 27 17 73 32 29 85 54 86 47 50 74 61 33 36 14 4 46 65 84 57 69 41 18 83 67 12 48 62 68 31 25 19 3 66 82 52 51 30 2 79 6 72 26 13 58 35 28 0
90 CITIES
Before 2-opt & 3-opt: 1885781896
After 2-opt & 3-opt: 92090774
Process number: 7 | Time: 276780
Main Held-Karp lower bound: 50404168 | 
43298843
0 71 37 18 26 4 85 76 7 16 31 66 33 89 1 44 5 49 10 68 75 38 34 81 86 12 62 24 82 20 30 84 77 11 69 50 60 40 43 70 13 47 45 15 57 48 25 23 14 53 61 41 35 2 74 21 87 39 8 63 17 55 28 32 19 29 58 42 73 78 9 65 3 51 67 59 27 72 56 54 64 79 88 83 80 22 6 46 52 36 0
91 CITIES
Before 2-opt & 3-opt: 2178798882
After 2-opt & 3-opt: 105423622
Process number: 14 | Time: 302410
Main Held-Karp lower bound: 59108356 | 
45963319
0 75 16 18 84 74 49 85 48 71 79 35 32 89 73 56 57 29 61 43 12 23 72 59 3 17 15 47 2 1 6 50 87 20 54 21 10 19 82 34 62 22 83 33 52 27 40 65 45 90 13 81 46 26 36 11 76 25 39 53 66 38 51 55 70 24 4 9 78 86 41 42 60 30 7 37 28 44 64 5 63 88 58 31 14 67 80 68 69 77 8 0
92 CITIES
Before 2-opt & 3-opt: 2064459064
After 2-opt & 3-opt: 104263618
Process number: 9 | Time: 497780
Main Held-Karp lower bound: 53201834 | 
45660794
0 34 62 74 72 43 6 11 5 91 88 55 10 85 70 86 25 50 23 76 57 28 36 45 90 58 73 8 75 54 64 19 14 27 77 84 42 13 51 52 2 81 48 29 83 30 87 12 71 9 21 69 32 26 66 20 67 41 61 60 40 80 38 39 82 65 22 63 1 35 44 56 59 46 33 31 17 78 3 15 89 37 4 7 53 47 16 79 68 18 24 49 0
93 CITIES
Before 2-opt & 3-opt: 2197837340
After 2-opt & 3-opt: 91674958
Process number: 4 | Time: 414520
Main Held-Karp lower bound: 48047610 | 
41284072
0 48 42 90 75 24 1 27 65 54 71 73 47 2 76 64 28 82 61 4 23 50 91 29 34 25 36 56 30 58 86 68 81 15 32 83 8 45 7 69 85 31 88 59 11 9 13 16 62 89 63 77 52 41 21 22 3 38 55 49 72 26 51 53 10 66 14 92 5 60 74 33 6 79 44 78 67 70 37 46 18 35 19 57 80 17 39 20 43 40 12 84 87 0
94 CITIES
Before 2-opt & 3-opt: 2070746710
After 2-opt & 3-opt: 95655544
Process number: 4 | Time: 1194490
Main Held-Karp lower bound: 51542800 | 
42569173
0 26 51 76 92 81 14 13 5 67 63 31 57 48 75 64 72 21 12 77 58 4 38 70 87 60 16 30 82 41 7 18 25 84 24 65 35 15 90 80 46 74 28 29 73 71 6 69 49 1 53 86 54 62 91 55 83 20 23 9 17 33 40 2 19 89 37 45 22 36 11 79 3 47 43 44 27 78 93 59 61 66 42 50 8 52 32 10 56 88 34 85 39 68 0
95 CITIES
Before 2-opt & 3-opt: 2195434218
After 2-opt & 3-opt: 96358490
Process number: 8 | Time: 588920
Main Held-Karp lower bound: 49591710 | 
42673845
0 37 81 53 29 64 15 5 11 72 17 1 93 6 66 41 26 92 69 91 77 79 36 59 55 4 73 8 67 60 47 21 74 16 56 45 7 32 19 38 76 63 50 12 82 87 40 57 9 62 22 14 94 43 58 24 33 83 2 42 10 25 34 90 46 51 23 80 68 89 65 71 70 61 3 49 75 30 20 28 35 31 13 18 84 27 54 88 52 44 86 39 78 48 85 0
96 CITIES
Before 2-opt & 3-opt: 2267627488
After 2-opt & 3-opt: 100307718
Process number: 3 | Time: 516970
Main Held-Karp lower bound: 55282240 | 
46170933
0 82 23 17 85 68 24 52 64 25 80 92 79 91 57 87 75 10 95 29 31 70 61 16 67 51 40 86 2 63 47 19 42 26 58 50 28 90 38 94 89 41 83 13 45 1 5 11 15 14 37 66 59 20 36 35 78 12 56 74 6 76 46 62 3 65 93 4 18 44 69 43 48 88 22 77 71 39 53 49 30 8 54 73 72 34 32 27 9 81 84 7 60 55 33 21 0
97 CITIES
Before 2-opt & 3-opt: 2359974732
After 2-opt & 3-opt: 109056372
Process number: 14 | Time: 778800
Main Held-Karp lower bound: 56179870 | 
46908964
0 64 49 51 72 25 71 92 62 75 13 78 16 37 60 46 33 73 42 77 68 39 90 94 6 87 55 28 74 48 44 86 26 80 54 47 36 81 11 56 24 30 95 93 14 34 89 23 18 1 53 83 85 32 27 66 96 58 21 84 29 22 5 9 12 67 50 63 38 65 76 20 4 10 82 91 45 31 59 40 19 7 17 57 52 43 70 8 15 79 3 35 41 88 61 69 2 0
98 CITIES
Before 2-opt & 3-opt: 2212323120
After 2-opt & 3-opt: 90260884
Process number: 2 | Time: 518940
Main Held-Karp lower bound: 50566530 | 
41449851
0 16 47 64 29 39 31 28 27 1 30 73 96 81 86 32 18 79 51 49 48 55 6 2 5 36 54 70 59 85 88 94 65 92 61 89 77 90 17 69 3 14 78 25 52 87 26 42 75 62 83 43 34 66 76 8 45 82 57 4 67 20 91 11 40 46 41 60 97 93 23 19 9 15 7 33 74 95 72 13 35 50 10 12 63 84 22 38 56 53 44 21 68 37 24 71 58 80 0
99 CITIES
Before 2-opt & 3-opt: 2133303404
After 2-opt & 3-opt: 106227902
Process number: 12 | Time: 903440
Main Held-Karp lower bound: 56791790 | 
46661014
0 45 59 7 4 23 69 38 29 18 43 24 51 14 92 91 63 13 94 80 22 76 54 33 11 42 72 55 73 48 10 65 89 39 67 66 84 17 35 56 98 47 31 2 32 37 75 83 61 25 88 36 74 19 77 96 5 60 30 15 46 3 68 44 16 90 62 70 20 27 85 12 49 1 93 95 97 58 52 40 9 79 50 87 41 64 53 21 78 26 86 57 8 81 28 71 82 34 6 0
100 CITIES
Before 2-opt & 3-opt: 2185432678
After 2-opt & 3-opt: 95816562
Process number: 6 | Time: 952750
Main Held-Karp lower bound: 50308590 | 
43729773
0 74 5 66 41 53 2 58 95 36 78 65 96 81 62 44 45 12 98 9 77 7 38 71 32 57 35 46 64 88 93 19 59 17 34 4 60 54 73 86 30 56 87 97 84 10 76 94 14 50 18 63 67 42 68 99 80 33 48 90 3 16 55 28 21 89 1 15 82 92 27 72 29 52 70 91 31 8 24 43 49 25 61 39 6 40 11 47 85 51 69 37 22 13 20 83 26 23 79 75 0
